

================================================================
== Vivado HLS Report for 'comparateur'
================================================================
* Date:           Thu Dec 21 14:59:12 2017

* Version:        2017.3 (Build 2018833 on Wed Oct 04 20:30:40 MDT 2017)
* Project:        main_module
* Solution:       solution1
* Product family: artix7
* Target device:  xc7a100tcsg324-1


================================================================
== Performance Estimates
================================================================
+ Timing (ns): 
    * Summary: 
    +--------+-------+----------+------------+
    |  Clock | Target| Estimated| Uncertainty|
    +--------+-------+----------+------------+
    |ap_clk  |  10.00|      8.07|        1.25|
    +--------+-------+----------+------------+

+ Latency (clock cycles): 
    * Summary: 
    +-----+-----+-----+-----+---------+
    |  Latency  |  Interval | Pipeline|
    | min | max | min | max |   Type  |
    +-----+-----+-----+-----+---------+
    |    0|   13|    1|   14|   none  |
    +-----+-----+-----+-----+---------+

    + Detail: 
        * Instance: 
        +-------------------------------+---------------------+-----+-----+-----+-----+---------+
        |                               |                     |  Latency  |  Interval | Pipeline|
        |            Instance           |        Module       | min | max | min | max |   Type  |
        +-------------------------------+---------------------+-----+-----+-----+-----+---------+
        |grp_comparateur_do_comp_fu_74  |comparateur_do_comp  |   12|   12|   12|   12|   none  |
        +-------------------------------+---------------------+-----+-----+-----+-----+---------+

        * Loop: 
        N/A

============================================================
+ Verbose Summary: Synthesis Manager
============================================================
InlineROM: 1
ExposeGlobal: 0
============================================================
+ Verbose Summary: CDFG Model
============================================================
IsTopModel: 1
ResetActiveHigh: 1
IsCombinational: 0
IsDatapathOnly: 0
HasWiredReturn: 1
HasMFsm: 0
HasVarLatency: 1
IsPipeline: 0
IsRtlPipelined: 0
IsInstanceOverlapped: 0
IsDontTouch: 0
HasImplIP: 0
IsGatedGlobalClock: 0


============================================================
+ Verbose Summary: Schedule
============================================================
* Number of FSM states : 2
* Pipeline : 0
* Dataflow Pipeline: 0

* FSM state transitions: 
1 --> 
	2  / (comparateur_ssdm_s)
2 --> 

* FSM state operations: 

 <State 1> : 0.00ns
ST_1 : Operation 3 [1/1] (0.00ns)   --->   "call void (...)* @_ssdm_op_SpecBitsMap(float* %comparateur_in1), !map !765"
ST_1 : Operation 4 [1/1] (0.00ns)   --->   "call void (...)* @_ssdm_op_SpecBitsMap(float* %comparateur_seuil), !map !769"
ST_1 : Operation 5 [1/1] (0.00ns)   --->   "call void (...)* @_ssdm_op_SpecBitsMap(float* %comparateur_result), !map !773"
ST_1 : Operation 6 [1/1] (0.00ns)   --->   "call void (...)* @_ssdm_op_SpecBitsMap(i1* %clk), !map !777"
ST_1 : Operation 7 [1/1] (0.00ns)   --->   "call void (...)* @_ssdm_op_SpecBitsMap(i1* %reset), !map !781"
ST_1 : Operation 8 [1/1] (0.00ns)   --->   "call void (...)* @_ssdm_op_SpecBitsMap(float* %e1), !map !785"
ST_1 : Operation 9 [1/1] (0.00ns)   --->   "call void (...)* @_ssdm_op_SpecBitsMap(float* %e2), !map !789"
ST_1 : Operation 10 [1/1] (0.00ns)   --->   "call void (...)* @_ssdm_op_SpecBitsMap(float* %s), !map !793"
ST_1 : Operation 11 [1/1] (0.00ns)   --->   "call void (...)* @_ssdm_op_SpecInterface(float* %e1, [8 x i8]* @p_str11, i32 0, i32 0, [1 x i8]* @p_str112, i32 0, i32 0, [1 x i8]* @p_str112, [1 x i8]* @p_str112, [1 x i8]* @p_str112, i32 0, i32 0, i32 0, i32 0, [1 x i8]* @p_str112, [1 x i8]* @p_str112) nounwind" [src/modules/comparateur.h:20]
ST_1 : Operation 12 [1/1] (0.00ns)   --->   "call void (...)* @_ssdm_op_SpecPort([1 x i8]* @p_str112, i32 4, [1 x i8]* @p_str112, [1 x i8]* @p_str112, i32 0, i32 0, float* %e1) nounwind" [src/modules/comparateur.h:20]
ST_1 : Operation 13 [1/1] (0.00ns)   --->   "call void (...)* @_ssdm_op_SpecInterface(float* %e2, [8 x i8]* @p_str11, i32 0, i32 0, [1 x i8]* @p_str112, i32 0, i32 0, [1 x i8]* @p_str112, [1 x i8]* @p_str112, [1 x i8]* @p_str112, i32 0, i32 0, i32 0, i32 0, [1 x i8]* @p_str112, [1 x i8]* @p_str112) nounwind" [src/modules/comparateur.h:20]
ST_1 : Operation 14 [1/1] (0.00ns)   --->   "call void (...)* @_ssdm_op_SpecPort([1 x i8]* @p_str112, i32 4, [1 x i8]* @p_str112, [1 x i8]* @p_str112, i32 0, i32 0, float* %e2) nounwind" [src/modules/comparateur.h:20]
ST_1 : Operation 15 [1/1] (0.00ns)   --->   "call void (...)* @_ssdm_op_SpecInterface(float* %s, [8 x i8]* @p_str, i32 0, i32 0, [1 x i8]* @p_str1, i32 0, i32 0, [1 x i8]* @p_str1, [1 x i8]* @p_str1, [1 x i8]* @p_str1, i32 0, i32 0, i32 0, i32 0, [1 x i8]* @p_str1, [1 x i8]* @p_str1) nounwind" [src/modules/comparateur.h:20]
ST_1 : Operation 16 [1/1] (0.00ns)   --->   "call void (...)* @_ssdm_op_SpecPort([1 x i8]* @p_str1, i32 5, [1 x i8]* @p_str1, [1 x i8]* @p_str1, i32 0, i32 0, float* %s) nounwind" [src/modules/comparateur.h:20]
ST_1 : Operation 17 [1/1] (0.00ns)   --->   "call void (...)* @_ssdm_op_SpecTopModule([12 x i8]* @p_str50, [12 x i8]* @p_str50) nounwind" [src/modules/comparateur.h:21]
ST_1 : Operation 18 [1/1] (0.00ns)   --->   "%comparateur_ssdm_s = load i1* @comparateur_ssdm_thread_M_do_comp, align 1" [src/modules/comparateur.h:22]
ST_1 : Operation 19 [1/1] (0.00ns)   --->   "br i1 %comparateur_ssdm_s, label %1, label %2" [src/modules/comparateur.h:22]
ST_1 : Operation 20 [1/1] (0.00ns)   --->   "call void (...)* @_ssdm_op_SpecProcessDecl([12 x i8]* @p_str50, i32 2, [8 x i8]* @p_str656) nounwind" [src/modules/comparateur.h:22]
ST_1 : Operation 21 [1/1] (0.00ns)   --->   "call void (...)* @_ssdm_op_SpecSensitive([8 x i8]* @p_str656, [4 x i8]* @p_str252, i1* %clk, i32 1) nounwind" [src/modules/comparateur.h:23]
ST_1 : Operation 22 [1/1] (0.00ns)   --->   "call void (...)* @_ssdm_op_SpecSensitive([8 x i8]* @p_str656, [6 x i8]* @p_str353, i1* %reset, i32 3) nounwind" [src/modules/comparateur.h:24]
ST_1 : Operation 23 [1/1] (0.00ns)   --->   "call void (...)* @_ssdm_op_SpecPort([12 x i8]* @p_str50, i32 0, [7 x i8]* @p_str151, [4 x i8]* @p_str252, i32 0, i32 0, i1* %clk) nounwind" [src/modules/comparateur.h:25]
ST_1 : Operation 24 [1/1] (0.00ns)   --->   "call void (...)* @_ssdm_op_SpecPort([12 x i8]* @p_str50, i32 0, [7 x i8]* @p_str151, [6 x i8]* @p_str353, i32 0, i32 0, i1* %reset) nounwind" [src/modules/comparateur.h:26]
ST_1 : Operation 25 [1/1] (0.00ns)   --->   "call void (...)* @_ssdm_op_SpecInterface(float* %e1, [8 x i8]* @p_str454, i32 0, i32 0, [1 x i8]* @p_str555, i32 0, i32 0, [1 x i8]* @p_str555, [1 x i8]* @p_str555, [1 x i8]* @p_str555, i32 0, i32 0, i32 0, i32 0, [1 x i8]* @p_str555, [1 x i8]* @p_str555) nounwind" [src/modules/comparateur.h:27]
ST_1 : Operation 26 [1/1] (0.00ns)   --->   "call void (...)* @_ssdm_op_SpecPort([12 x i8]* @p_str50, i32 4, [8 x i8]* @p_str17, [3 x i8]* @p_str959, i32 0, i32 0, float* %e1) nounwind" [src/modules/comparateur.h:28]
ST_1 : Operation 27 [1/1] (0.00ns)   --->   "call void (...)* @_ssdm_op_SpecInterface(float* %e2, [8 x i8]* @p_str454, i32 0, i32 0, [1 x i8]* @p_str555, i32 0, i32 0, [1 x i8]* @p_str555, [1 x i8]* @p_str555, [1 x i8]* @p_str555, i32 0, i32 0, i32 0, i32 0, [1 x i8]* @p_str555, [1 x i8]* @p_str555) nounwind" [src/modules/comparateur.h:29]
ST_1 : Operation 28 [1/1] (0.00ns)   --->   "call void (...)* @_ssdm_op_SpecPort([12 x i8]* @p_str50, i32 4, [8 x i8]* @p_str17, [3 x i8]* @p_str1060, i32 0, i32 0, float* %e2) nounwind" [src/modules/comparateur.h:30]
ST_1 : Operation 29 [1/1] (0.00ns)   --->   "call void (...)* @_ssdm_op_SpecInterface(float* %s, [8 x i8]* @p_str454, i32 0, i32 0, [1 x i8]* @p_str555, i32 0, i32 0, [1 x i8]* @p_str555, [1 x i8]* @p_str555, [1 x i8]* @p_str555, i32 0, i32 0, i32 0, i32 0, [1 x i8]* @p_str555, [1 x i8]* @p_str555) nounwind" [src/modules/comparateur.h:31]
ST_1 : Operation 30 [1/1] (0.00ns)   --->   "call void (...)* @_ssdm_op_SpecPort([12 x i8]* @p_str50, i32 5, [8 x i8]* @p_str17, [2 x i8]* @p_str1161, i32 0, i32 0, float* %s) nounwind" [src/modules/comparateur.h:32]
ST_1 : Operation 31 [1/1] (0.00ns)   --->   "ret void" [src/modules/comparateur.h:27]
ST_1 : Operation 32 [2/2] (0.00ns)   --->   "call void @"comparateur::do_comp"(float* %comparateur_in1, float* %comparateur_seuil, float* %comparateur_result, i1* %clk, i1* %reset, float* %e1, float* %e2, float* %s)" [src/modules/comparateur.h:22]   --->   Core 0 '' <Latency = 0> <II = 1> <Delay = 1.00> <Generic> <Opcode : >

 <State 2> : 1.37ns
ST_2 : Operation 33 [1/2] (1.37ns)   --->   "call void @"comparateur::do_comp"(float* %comparateur_in1, float* %comparateur_seuil, float* %comparateur_result, i1* %clk, i1* %reset, float* %e1, float* %e2, float* %s)" [src/modules/comparateur.h:22]   --->   Core 0 '' <Latency = 0> <II = 1> <Delay = 1.00> <Generic> <Opcode : >
ST_2 : Operation 34 [1/1] (0.00ns)   --->   "unreachable"


============================================================
+ Verbose Summary: Binding
============================================================
STG Binding: 
---------------- STG Properties BEGIN ----------------
- Is combinational: 0
- Is one-state seq: 0
- Is datapath-only: 0
- Is pipelined: 0
- Is top level: 1
Port [ Return ] is wired: 1; IO mode=ap_ctrl_hs:ce=0
Port [ comparateur_in1]:  wired=1; compound=0; hidden=1; nouse=0; global=0; static=0; extern=0; dir=1; type=0; pingpong=0; private_global=0; IO mode=ap_vld:ce=0
Port [ comparateur_seuil]:  wired=1; compound=0; hidden=1; nouse=0; global=0; static=0; extern=0; dir=1; type=0; pingpong=0; private_global=0; IO mode=ap_vld:ce=0
Port [ comparateur_result]:  wired=1; compound=0; hidden=1; nouse=0; global=0; static=0; extern=0; dir=1; type=0; pingpong=0; private_global=0; IO mode=ap_vld:ce=0
Port [ clk]:  wired=1; compound=0; hidden=0; nouse=1; global=0; static=0; extern=0; dir=0; type=0; pingpong=0; private_global=0; IO mode=ap_none:ce=0
Port [ reset]:  wired=1; compound=0; hidden=0; nouse=1; global=0; static=0; extern=0; dir=0; type=0; pingpong=0; private_global=0; IO mode=ap_none:ce=0
Port [ e1]:  wired=1; compound=1; hidden=0; nouse=0; global=0; static=0; extern=0; dir=0; type=3; pingpong=0; private_global=0; IO mode=ap_fifo:ce=0
Port [ e2]:  wired=1; compound=1; hidden=0; nouse=0; global=0; static=0; extern=0; dir=0; type=3; pingpong=0; private_global=0; IO mode=ap_fifo:ce=0
Port [ s]:  wired=1; compound=1; hidden=0; nouse=0; global=0; static=0; extern=0; dir=1; type=3; pingpong=0; private_global=0; IO mode=ap_fifo:ce=0
Port [ comparateur_ssdm_thread_M_do_comp]:  wired=0; compound=0; hidden=1; nouse=0; global=1; static=0; extern=1; dir=0; type=0; pingpong=0; private_global=1; linkage=0; visibility=0; IO mode=ap_none:ce=0
---------------- STG Properties END ------------------

---------------- Datapath Model BEGIN ----------------

<LifeTime>
<method=bitvector/>
StgValue_3         (specbitsmap    ) [ 000]
StgValue_4         (specbitsmap    ) [ 000]
StgValue_5         (specbitsmap    ) [ 000]
StgValue_6         (specbitsmap    ) [ 000]
StgValue_7         (specbitsmap    ) [ 000]
StgValue_8         (specbitsmap    ) [ 000]
StgValue_9         (specbitsmap    ) [ 000]
StgValue_10        (specbitsmap    ) [ 000]
StgValue_11        (specinterface  ) [ 000]
StgValue_12        (specport       ) [ 000]
StgValue_13        (specinterface  ) [ 000]
StgValue_14        (specport       ) [ 000]
StgValue_15        (specinterface  ) [ 000]
StgValue_16        (specport       ) [ 000]
StgValue_17        (spectopmodule  ) [ 000]
comparateur_ssdm_s (load           ) [ 010]
StgValue_19        (br             ) [ 000]
StgValue_20        (specprocessdecl) [ 000]
StgValue_21        (specsensitive  ) [ 000]
StgValue_22        (specsensitive  ) [ 000]
StgValue_23        (specport       ) [ 000]
StgValue_24        (specport       ) [ 000]
StgValue_25        (specinterface  ) [ 000]
StgValue_26        (specport       ) [ 000]
StgValue_27        (specinterface  ) [ 000]
StgValue_28        (specport       ) [ 000]
StgValue_29        (specinterface  ) [ 000]
StgValue_30        (specport       ) [ 000]
StgValue_31        (ret            ) [ 000]
StgValue_33        (call           ) [ 000]
StgValue_34        (unreachable    ) [ 000]
</LifeTime>

<model>

<comp_list>
<comp id="0" class="1000" name="comparateur_in1">
<pin_list>
<pin id="1" dir="1" index="0" bw="1" slack="0"/>
</pin_list>
<bind>
<StgValue><ssdm name="comparateur_in1"/></StgValue>
</bind>
</comp>

<comp id="2" class="1000" name="comparateur_seuil">
<pin_list>
<pin id="3" dir="1" index="0" bw="1" slack="0"/>
</pin_list>
<bind>
<StgValue><ssdm name="comparateur_seuil"/></StgValue>
</bind>
</comp>

<comp id="4" class="1000" name="comparateur_result">
<pin_list>
<pin id="5" dir="1" index="0" bw="1" slack="0"/>
</pin_list>
<bind>
<StgValue><ssdm name="comparateur_result"/></StgValue>
</bind>
</comp>

<comp id="6" class="1000" name="clk">
<pin_list>
<pin id="7" dir="1" index="0" bw="1" slack="0"/>
</pin_list>
<bind>
<StgValue><ssdm name="clk"/></StgValue>
</bind>
</comp>

<comp id="8" class="1000" name="reset">
<pin_list>
<pin id="9" dir="1" index="0" bw="1" slack="0"/>
</pin_list>
<bind>
<StgValue><ssdm name="reset"/></StgValue>
</bind>
</comp>

<comp id="10" class="1000" name="e1">
<pin_list>
<pin id="11" dir="1" index="0" bw="1" slack="0"/>
</pin_list>
<bind>
<StgValue><ssdm name="e1"/></StgValue>
</bind>
</comp>

<comp id="12" class="1000" name="e2">
<pin_list>
<pin id="13" dir="1" index="0" bw="1" slack="0"/>
</pin_list>
<bind>
<StgValue><ssdm name="e2"/></StgValue>
</bind>
</comp>

<comp id="14" class="1000" name="s">
<pin_list>
<pin id="15" dir="1" index="0" bw="1" slack="0"/>
</pin_list>
<bind>
<StgValue><ssdm name="s"/></StgValue>
</bind>
</comp>

<comp id="16" class="1000" name="comparateur_ssdm_thread_M_do_comp">
<pin_list>
<pin id="17" dir="1" index="0" bw="1" slack="0"/>
</pin_list>
<bind>
<StgValue><ssdm name="comparateur_ssdm_thread_M_do_comp"/></StgValue>
</bind>
</comp>

<comp id="18" class="1001" name="const_18">
<pin_list>
<pin id="19" dir="1" index="0" bw="1" slack="2147483647"/>
</pin_list>
<bind>
<StgValue><ssdm name="_ssdm_op_SpecBitsMap"/></StgValue>
</bind>
</comp>

<comp id="20" class="1001" name="const_20">
<pin_list>
<pin id="21" dir="1" index="0" bw="1" slack="2147483647"/>
</pin_list>
<bind>
<StgValue><ssdm name="_ssdm_op_SpecInterface"/></StgValue>
</bind>
</comp>

<comp id="22" class="1001" name="const_22">
<pin_list>
<pin id="23" dir="1" index="0" bw="1" slack="2147483647"/>
</pin_list>
<bind>
<StgValue><ssdm name="p_str11"/></StgValue>
</bind>
</comp>

<comp id="24" class="1001" name="const_24">
<pin_list>
<pin id="25" dir="1" index="0" bw="1" slack="2147483647"/>
</pin_list>
<bind>
<StgValue><ssdm name=""/></StgValue>
</bind>
</comp>

<comp id="26" class="1001" name="const_26">
<pin_list>
<pin id="27" dir="1" index="0" bw="1" slack="2147483647"/>
</pin_list>
<bind>
<StgValue><ssdm name="p_str112"/></StgValue>
</bind>
</comp>

<comp id="28" class="1001" name="const_28">
<pin_list>
<pin id="29" dir="1" index="0" bw="1" slack="2147483647"/>
</pin_list>
<bind>
<StgValue><ssdm name="_ssdm_op_SpecPort"/></StgValue>
</bind>
</comp>

<comp id="30" class="1001" name="const_30">
<pin_list>
<pin id="31" dir="1" index="0" bw="1" slack="2147483647"/>
</pin_list>
<bind>
<StgValue><ssdm name=""/></StgValue>
</bind>
</comp>

<comp id="32" class="1001" name="const_32">
<pin_list>
<pin id="33" dir="1" index="0" bw="1" slack="2147483647"/>
</pin_list>
<bind>
<StgValue><ssdm name="p_str"/></StgValue>
</bind>
</comp>

<comp id="34" class="1001" name="const_34">
<pin_list>
<pin id="35" dir="1" index="0" bw="1" slack="2147483647"/>
</pin_list>
<bind>
<StgValue><ssdm name="p_str1"/></StgValue>
</bind>
</comp>

<comp id="36" class="1001" name="const_36">
<pin_list>
<pin id="37" dir="1" index="0" bw="1" slack="2147483647"/>
</pin_list>
<bind>
<StgValue><ssdm name=""/></StgValue>
</bind>
</comp>

<comp id="38" class="1001" name="const_38">
<pin_list>
<pin id="39" dir="1" index="0" bw="1" slack="2147483647"/>
</pin_list>
<bind>
<StgValue><ssdm name="_ssdm_op_SpecTopModule"/></StgValue>
</bind>
</comp>

<comp id="40" class="1001" name="const_40">
<pin_list>
<pin id="41" dir="1" index="0" bw="1" slack="2147483647"/>
</pin_list>
<bind>
<StgValue><ssdm name="p_str50"/></StgValue>
</bind>
</comp>

<comp id="42" class="1001" name="const_42">
<pin_list>
<pin id="43" dir="1" index="0" bw="1" slack="2147483647"/>
</pin_list>
<bind>
<StgValue><ssdm name="_ssdm_op_SpecProcessDecl"/></StgValue>
</bind>
</comp>

<comp id="44" class="1001" name="const_44">
<pin_list>
<pin id="45" dir="1" index="0" bw="1" slack="2147483647"/>
</pin_list>
<bind>
<StgValue><ssdm name=""/></StgValue>
</bind>
</comp>

<comp id="46" class="1001" name="const_46">
<pin_list>
<pin id="47" dir="1" index="0" bw="1" slack="2147483647"/>
</pin_list>
<bind>
<StgValue><ssdm name="p_str656"/></StgValue>
</bind>
</comp>

<comp id="48" class="1001" name="const_48">
<pin_list>
<pin id="49" dir="1" index="0" bw="1" slack="2147483647"/>
</pin_list>
<bind>
<StgValue><ssdm name="_ssdm_op_SpecSensitive"/></StgValue>
</bind>
</comp>

<comp id="50" class="1001" name="const_50">
<pin_list>
<pin id="51" dir="1" index="0" bw="1" slack="2147483647"/>
</pin_list>
<bind>
<StgValue><ssdm name="p_str252"/></StgValue>
</bind>
</comp>

<comp id="52" class="1001" name="const_52">
<pin_list>
<pin id="53" dir="1" index="0" bw="1" slack="2147483647"/>
</pin_list>
<bind>
<StgValue><ssdm name=""/></StgValue>
</bind>
</comp>

<comp id="54" class="1001" name="const_54">
<pin_list>
<pin id="55" dir="1" index="0" bw="1" slack="2147483647"/>
</pin_list>
<bind>
<StgValue><ssdm name="p_str353"/></StgValue>
</bind>
</comp>

<comp id="56" class="1001" name="const_56">
<pin_list>
<pin id="57" dir="1" index="0" bw="1" slack="2147483647"/>
</pin_list>
<bind>
<StgValue><ssdm name=""/></StgValue>
</bind>
</comp>

<comp id="58" class="1001" name="const_58">
<pin_list>
<pin id="59" dir="1" index="0" bw="1" slack="2147483647"/>
</pin_list>
<bind>
<StgValue><ssdm name="p_str151"/></StgValue>
</bind>
</comp>

<comp id="60" class="1001" name="const_60">
<pin_list>
<pin id="61" dir="1" index="0" bw="1" slack="2147483647"/>
</pin_list>
<bind>
<StgValue><ssdm name="p_str454"/></StgValue>
</bind>
</comp>

<comp id="62" class="1001" name="const_62">
<pin_list>
<pin id="63" dir="1" index="0" bw="1" slack="2147483647"/>
</pin_list>
<bind>
<StgValue><ssdm name="p_str555"/></StgValue>
</bind>
</comp>

<comp id="64" class="1001" name="const_64">
<pin_list>
<pin id="65" dir="1" index="0" bw="1" slack="2147483647"/>
</pin_list>
<bind>
<StgValue><ssdm name="p_str17"/></StgValue>
</bind>
</comp>

<comp id="66" class="1001" name="const_66">
<pin_list>
<pin id="67" dir="1" index="0" bw="1" slack="2147483647"/>
</pin_list>
<bind>
<StgValue><ssdm name="p_str959"/></StgValue>
</bind>
</comp>

<comp id="68" class="1001" name="const_68">
<pin_list>
<pin id="69" dir="1" index="0" bw="1" slack="2147483647"/>
</pin_list>
<bind>
<StgValue><ssdm name="p_str1060"/></StgValue>
</bind>
</comp>

<comp id="70" class="1001" name="const_70">
<pin_list>
<pin id="71" dir="1" index="0" bw="1" slack="2147483647"/>
</pin_list>
<bind>
<StgValue><ssdm name="p_str1161"/></StgValue>
</bind>
</comp>

<comp id="72" class="1001" name="const_72">
<pin_list>
<pin id="73" dir="1" index="0" bw="1" slack="0"/>
</pin_list>
<bind>
<StgValue><ssdm name="comparateur::do_comp"/></StgValue>
</bind>
</comp>

<comp id="74" class="1004" name="grp_comparateur_do_comp_fu_74">
<pin_list>
<pin id="75" dir="0" index="0" bw="0" slack="0"/>
<pin id="76" dir="0" index="1" bw="32" slack="0"/>
<pin id="77" dir="0" index="2" bw="32" slack="0"/>
<pin id="78" dir="0" index="3" bw="32" slack="0"/>
<pin id="79" dir="0" index="4" bw="1" slack="0"/>
<pin id="80" dir="0" index="5" bw="1" slack="0"/>
<pin id="81" dir="0" index="6" bw="32" slack="0"/>
<pin id="82" dir="0" index="7" bw="32" slack="0"/>
<pin id="83" dir="0" index="8" bw="32" slack="0"/>
<pin id="84" dir="1" index="9" bw="0" slack="2147483647"/>
</pin_list>
<bind>
<opcode="call(48) " fcode="call"/>
<opset="StgValue_32/1 "/>
</bind>
</comp>

<comp id="94" class="1004" name="comparateur_ssdm_s_load_fu_94">
<pin_list>
<pin id="95" dir="0" index="0" bw="1" slack="0"/>
<pin id="96" dir="1" index="1" bw="1" slack="2147483647"/>
</pin_list>
<bind>
<opcode="load(27) " fcode="load"/>
<opset="comparateur_ssdm_s/1 "/>
</bind>
</comp>

</comp_list>

<net_list>
<net id="85"><net_src comp="72" pin="0"/><net_sink comp="74" pin=0"/></net>

<net id="86"><net_src comp="0" pin="0"/><net_sink comp="74" pin=1"/></net>

<net id="87"><net_src comp="2" pin="0"/><net_sink comp="74" pin=2"/></net>

<net id="88"><net_src comp="4" pin="0"/><net_sink comp="74" pin=3"/></net>

<net id="89"><net_src comp="6" pin="0"/><net_sink comp="74" pin=4"/></net>

<net id="90"><net_src comp="8" pin="0"/><net_sink comp="74" pin=5"/></net>

<net id="91"><net_src comp="10" pin="0"/><net_sink comp="74" pin=6"/></net>

<net id="92"><net_src comp="12" pin="0"/><net_sink comp="74" pin=7"/></net>

<net id="93"><net_src comp="14" pin="0"/><net_sink comp="74" pin=8"/></net>

<net id="97"><net_src comp="16" pin="0"/><net_sink comp="94" pin=0"/></net>

</net_list>

</model> 
---------------- Datapath Model END ------------------

* FSMD analyzer results:
  - Output states:
	Port: comparateur_in1 | {1 2 }
	Port: comparateur_seuil | {1 2 }
	Port: comparateur_result | {1 2 }
	Port: s | {1 2 }
 - Input state : 
	Port: comparateur::comparateur.1 : e1 | {1 2 }
	Port: comparateur::comparateur.1 : e2 | {1 2 }
	Port: comparateur::comparateur.1 : comparateur_ssdm_thread_M_do_comp | {1 }
  - Chain level:
	State 1
		StgValue_19 : 1
	State 2


============================================================
+ Verbose Summary: Datapath Resource usage 
============================================================

* Functional unit list:
|----------|-------------------------------|---------|---------|---------|---------|
| Operation|        Functional Unit        |  DSP48E |  Delay  |    FF   |   LUT   |
|----------|-------------------------------|---------|---------|---------|---------|
|   call   | grp_comparateur_do_comp_fu_74 |    0    |  1.664  |   601   |   975   |
|----------|-------------------------------|---------|---------|---------|---------|
|   Total  |                               |    0    |  1.664  |   601   |   975   |
|----------|-------------------------------|---------|---------|---------|---------|

Memories:
N/A

* Register list:
N/A

* Multiplexer (MUX) list: 
|--------|------|------|------|--------|
|  Comp  |  Pin | Size |  BW  | S x BW |
|--------|------|------|------|--------|
|  Total |      |      |      |    0   |
|--------|------|------|------|--------|



* Summary:
+-----------+--------+--------+--------+--------+
|           | DSP48E |  Delay |   FF   |   LUT  |
+-----------+--------+--------+--------+--------+
|  Function |    0   |    1   |   601  |   975  |
|   Memory  |    -   |    -   |    -   |    -   |
|Multiplexer|    -   |    -   |    -   |    -   |
|  Register |    -   |    -   |    -   |    -   |
+-----------+--------+--------+--------+--------+
|   Total   |    0   |    1   |   601  |   975  |
+-----------+--------+--------+--------+--------+
