

================================================================
== Vivado HLS Report for 'filtre2_do_filtre'
================================================================
* Date:           Wed Jan 17 14:58:03 2018

* Version:        2017.3 (Build 2018833 on Wed Oct 04 20:30:40 MDT 2017)
* Project:        main_module
* Solution:       solution1
* Product family: artix7
* Target device:  xc7a100tcsg324-1


================================================================
== Performance Estimates
================================================================
+ Timing (ns): 
    * Summary: 
    +--------+-------+----------+------------+
    |  Clock | Target| Estimated| Uncertainty|
    +--------+-------+----------+------------+
    |ap_clk  |  10.00|      8.61|        1.25|
    +--------+-------+----------+------------+

+ Latency (clock cycles): 
    * Summary: 
    +-----+-----+-----+-----+---------+
    |  Latency  |  Interval | Pipeline|
    | min | max | min | max |   Type  |
    +-----+-----+-----+-----+---------+
    |   23|   23|   23|   23|   none  |
    +-----+-----+-----+-----+---------+

    + Detail: 
        * Instance: 
        N/A

        * Loop: 
        +----------+-----+-----+----------+-----------+-----------+------+----------+
        |          |  Latency  | Iteration|  Initiation Interval  | Trip |          |
        | Loop Name| min | max |  Latency |  achieved |   target  | Count| Pipelined|
        +----------+-----+-----+----------+-----------+-----------+------+----------+
        |- Loop 1  |   22|   22|        22|          -|          -|  inf |    no    |
        +----------+-----+-----+----------+-----------+-----------+------+----------+

============================================================
+ Verbose Summary: Synthesis Manager
============================================================
InlineROM: 1
ExposeGlobal: 0
============================================================
+ Verbose Summary: CDFG Model
============================================================
IsTopModel: 0
ResetActiveHigh: 1
IsCombinational: 0
IsDatapathOnly: 0
HasWiredReturn: 0
HasMFsm: 0
HasVarLatency: 1
IsPipeline: 0
IsRtlPipelined: 0
IsInstanceOverlapped: 0
IsDontTouch: 0
HasImplIP: 0
IsGatedGlobalClock: 0


============================================================
+ Verbose Summary: Schedule
============================================================
* Number of FSM states : 23
* Pipeline : 0
* Dataflow Pipeline: 0

* FSM state transitions: 
1 --> 
	2  / true
2 --> 
	3  / true
3 --> 
	4  / true
4 --> 
	5  / true
5 --> 
	6  / true
6 --> 
	7  / true
7 --> 
	8  / true
8 --> 
	9  / true
9 --> 
	10  / true
10 --> 
	11  / true
11 --> 
	12  / true
12 --> 
	13  / true
13 --> 
	14  / true
14 --> 
	15  / true
15 --> 
	16  / true
16 --> 
	17  / true
17 --> 
	18  / true
18 --> 
	19  / true
19 --> 
	20  / true
20 --> 
	21  / true
21 --> 
	22  / true
22 --> 
	23  / true
23 --> 
	2  / true

* FSM state operations: 

 <State 1> : 2.15ns
ST_1 : Operation 24 [1/1] (0.00ns)   --->   "call void (...)* @_ssdm_op_SpecBitsMap(float* %filtre2_y0), !map !1933"
ST_1 : Operation 25 [1/1] (0.00ns)   --->   "call void (...)* @_ssdm_op_SpecBitsMap(float* %filtre2_x0), !map !1937"
ST_1 : Operation 26 [1/1] (0.00ns)   --->   "call void (...)* @_ssdm_op_SpecBitsMap([1 x float]* %filtre2_mem_x), !map !1941"
ST_1 : Operation 27 [1/1] (0.00ns)   --->   "call void (...)* @_ssdm_op_SpecBitsMap([1 x float]* %filtre2_mem_y), !map !1945"
ST_1 : Operation 28 [1/1] (0.00ns)   --->   "call void (...)* @_ssdm_op_SpecBitsMap(i1* %clk), !map !1949"
ST_1 : Operation 29 [1/1] (0.00ns)   --->   "call void (...)* @_ssdm_op_SpecBitsMap(i1* %reset), !map !1953"
ST_1 : Operation 30 [1/1] (0.00ns)   --->   "call void (...)* @_ssdm_op_SpecBitsMap(float* %e), !map !1957"
ST_1 : Operation 31 [1/1] (0.00ns)   --->   "call void (...)* @_ssdm_op_SpecBitsMap(float* %s), !map !1961"
ST_1 : Operation 32 [1/1] (0.00ns)   --->   "call void (...)* @_ssdm_op_SpecPort([8 x i8]* @p_str185, i32 0, [7 x i8]* @p_str1186, [4 x i8]* @p_str2187, i32 0, i32 0, i1* %clk) nounwind" [src/modules/filtre2.cpp:19]
ST_1 : Operation 33 [1/1] (0.00ns)   --->   "call void (...)* @_ssdm_op_SpecPort([8 x i8]* @p_str185, i32 0, [7 x i8]* @p_str1186, [6 x i8]* @p_str3188, i32 0, i32 0, i1* %reset) nounwind" [src/modules/filtre2.cpp:20]
ST_1 : Operation 34 [1/1] (0.00ns)   --->   "call void (...)* @_ssdm_op_SpecInterface(float* %e, [8 x i8]* @p_str4189, i32 0, i32 0, [1 x i8]* @p_str5190, i32 0, i32 0, [1 x i8]* @p_str5190, [1 x i8]* @p_str5190, [1 x i8]* @p_str5190, i32 0, i32 0, i32 0, i32 0, [1 x i8]* @p_str5190, [1 x i8]* @p_str5190) nounwind" [src/modules/filtre2.cpp:21]
ST_1 : Operation 35 [1/1] (0.00ns)   --->   "call void (...)* @_ssdm_op_SpecInterface(float* %s, [8 x i8]* @p_str4189, i32 0, i32 0, [1 x i8]* @p_str5190, i32 0, i32 0, [1 x i8]* @p_str5190, [1 x i8]* @p_str5190, [1 x i8]* @p_str5190, i32 0, i32 0, i32 0, i32 0, [1 x i8]* @p_str5190, [1 x i8]* @p_str5190) nounwind" [src/modules/filtre2.cpp:22]
ST_1 : Operation 36 [1/1] (0.00ns)   --->   "call void (...)* @_ssdm_op_SpecProcessDef([8 x i8]* @p_str185, i32 2, [10 x i8]* @p_str6191) nounwind" [src/modules/filtre2.cpp:23]
ST_1 : Operation 37 [1/1] (0.00ns)   --->   "%tmp_1 = call i32 (...)* @_ssdm_op_SpecRegionBegin([15 x i8]* @p_str7192)" [src/modules/filtre2.cpp:23]
ST_1 : Operation 38 [1/1] (0.00ns)   --->   "call void (...)* @_ssdm_op_SpecProtocol(i32 1, [1 x i8]* @p_str5190) nounwind" [src/modules/filtre2.cpp:23]
ST_1 : Operation 39 [1/1] (0.00ns)   --->   "%p_ssdm_reset_v = call i32 (...)* @_ssdm_op_SpecStateBegin(i32 0, i32 0, i32 1) nounwind" [src/modules/filtre2.cpp:23]
ST_1 : Operation 40 [1/1] (0.00ns)   --->   "%filtre2_mem_x_addr = getelementptr [1 x float]* %filtre2_mem_x, i64 0, i64 0" [src/modules/filtre2.cpp:23]
ST_1 : Operation 41 [1/1] (2.15ns)   --->   "store float 0.000000e+00, float* %filtre2_mem_x_addr, align 4" [src/modules/filtre2.cpp:23]   --->   Core 37 'RAM' <Latency = 1> <II = 1> <Delay = 2.15> <Storage> <Opcode : 'load' 'store'> <Ports = 2> <Width = 32> <Depth = 1> <RAM>
ST_1 : Operation 42 [1/1] (0.00ns)   --->   "%filtre2_mem_y_addr = getelementptr [1 x float]* %filtre2_mem_y, i64 0, i64 0" [src/modules/filtre2.cpp:24]
ST_1 : Operation 43 [1/1] (2.15ns)   --->   "store float 0.000000e+00, float* %filtre2_mem_y_addr, align 4" [src/modules/filtre2.cpp:24]   --->   Core 37 'RAM' <Latency = 1> <II = 1> <Delay = 2.15> <Storage> <Opcode : 'load' 'store'> <Ports = 2> <Width = 32> <Depth = 1> <RAM>
ST_1 : Operation 44 [1/1] (0.00ns)   --->   "%empty = call i32 (...)* @_ssdm_op_SpecStateEnd(i32 %p_ssdm_reset_v) nounwind" [src/modules/filtre2.cpp:26]
ST_1 : Operation 45 [1/1] (0.00ns)   --->   "%empty_13 = call i32 (...)* @_ssdm_op_SpecRegionEnd([15 x i8]* @p_str7192, i32 %tmp_1)" [src/modules/filtre2.cpp:26]
ST_1 : Operation 46 [1/1] (1.66ns)   --->   "br label %1" [src/modules/filtre2.cpp:26]

 <State 2> : 6.06ns
ST_2 : Operation 47 [1/1] (3.90ns)   --->   "%val = call float @_ssdm_op_Read.ap_fifo.volatile.floatP(float* %e)" [src/modules/filtre2.cpp:32]   --->   Core 36 'FIFO_SRL' <Latency = 0> <II = 1> <Delay = 3.90> <Storage> <Opcode : 'read' 'write' 'nbread' 'nbwrite'> <Ports = 0> <Width = 32> <Depth = 0> <FIFO>
ST_2 : Operation 48 [1/1] (2.15ns)   --->   "store float %val, float* %filtre2_mem_x_addr, align 4" [src/modules/filtre2.cpp:36]   --->   Core 37 'RAM' <Latency = 1> <II = 1> <Delay = 2.15> <Storage> <Opcode : 'load' 'store'> <Ports = 2> <Width = 32> <Depth = 1> <RAM>

 <State 3> : 5.12ns
ST_3 : Operation 49 [1/1] (0.00ns)   --->   "%x1_assign = phi float [ %val, %1 ], [ 0.000000e+00, %0 ]"
ST_3 : Operation 50 [1/1] (0.00ns)   --->   "call void @_ssdm_op_Write.ap_auto.floatP(float* %filtre2_x0, float %val)" [src/modules/filtre2.cpp:32]
ST_3 : Operation 51 [1/1] (5.12ns)   --->   "%tmp = fpext float %val to double" [src/modules/filtre2.cpp:13->src/modules/filtre2.cpp:34]   --->   Core 106 'Float2Double' <Latency = 0> <II = 1> <Delay = 5.12> <FuncUnit> <Opcode : 'fpext'> <InPorts = 1> <OutPorts = 1>
ST_3 : Operation 52 [1/1] (5.12ns)   --->   "%tmp_2 = fpext float %x1_assign to double" [src/modules/filtre2.cpp:13->src/modules/filtre2.cpp:34]   --->   Core 106 'Float2Double' <Latency = 0> <II = 1> <Delay = 5.12> <FuncUnit> <Opcode : 'fpext'> <InPorts = 1> <OutPorts = 1>

 <State 4> : 7.79ns
ST_4 : Operation 53 [6/6] (7.79ns)   --->   "%tmp_s = fmul double %tmp, 0x3EC0000000000000" [src/modules/filtre2.cpp:13->src/modules/filtre2.cpp:34]   --->   Core 108 'DMul' <Latency = 5> <II = 1> <Delay = 7.79> <FuncUnit> <Opcode : 'dmul'> <InPorts = 2> <OutPorts = 1>
ST_4 : Operation 54 [6/6] (7.79ns)   --->   "%tmp_3 = fmul double %tmp_2, 0x3EC0000000000000" [src/modules/filtre2.cpp:13->src/modules/filtre2.cpp:34]   --->   Core 108 'DMul' <Latency = 5> <II = 1> <Delay = 7.79> <FuncUnit> <Opcode : 'dmul'> <InPorts = 2> <OutPorts = 1>

 <State 5> : 7.79ns
ST_5 : Operation 55 [5/6] (7.79ns)   --->   "%tmp_s = fmul double %tmp, 0x3EC0000000000000" [src/modules/filtre2.cpp:13->src/modules/filtre2.cpp:34]   --->   Core 108 'DMul' <Latency = 5> <II = 1> <Delay = 7.79> <FuncUnit> <Opcode : 'dmul'> <InPorts = 2> <OutPorts = 1>
ST_5 : Operation 56 [5/6] (7.79ns)   --->   "%tmp_3 = fmul double %tmp_2, 0x3EC0000000000000" [src/modules/filtre2.cpp:13->src/modules/filtre2.cpp:34]   --->   Core 108 'DMul' <Latency = 5> <II = 1> <Delay = 7.79> <FuncUnit> <Opcode : 'dmul'> <InPorts = 2> <OutPorts = 1>

 <State 6> : 7.79ns
ST_6 : Operation 57 [4/6] (7.79ns)   --->   "%tmp_s = fmul double %tmp, 0x3EC0000000000000" [src/modules/filtre2.cpp:13->src/modules/filtre2.cpp:34]   --->   Core 108 'DMul' <Latency = 5> <II = 1> <Delay = 7.79> <FuncUnit> <Opcode : 'dmul'> <InPorts = 2> <OutPorts = 1>
ST_6 : Operation 58 [4/6] (7.79ns)   --->   "%tmp_3 = fmul double %tmp_2, 0x3EC0000000000000" [src/modules/filtre2.cpp:13->src/modules/filtre2.cpp:34]   --->   Core 108 'DMul' <Latency = 5> <II = 1> <Delay = 7.79> <FuncUnit> <Opcode : 'dmul'> <InPorts = 2> <OutPorts = 1>

 <State 7> : 7.79ns
ST_7 : Operation 59 [3/6] (7.79ns)   --->   "%tmp_s = fmul double %tmp, 0x3EC0000000000000" [src/modules/filtre2.cpp:13->src/modules/filtre2.cpp:34]   --->   Core 108 'DMul' <Latency = 5> <II = 1> <Delay = 7.79> <FuncUnit> <Opcode : 'dmul'> <InPorts = 2> <OutPorts = 1>
ST_7 : Operation 60 [3/6] (7.79ns)   --->   "%tmp_3 = fmul double %tmp_2, 0x3EC0000000000000" [src/modules/filtre2.cpp:13->src/modules/filtre2.cpp:34]   --->   Core 108 'DMul' <Latency = 5> <II = 1> <Delay = 7.79> <FuncUnit> <Opcode : 'dmul'> <InPorts = 2> <OutPorts = 1>

 <State 8> : 7.79ns
ST_8 : Operation 61 [2/6] (7.79ns)   --->   "%tmp_s = fmul double %tmp, 0x3EC0000000000000" [src/modules/filtre2.cpp:13->src/modules/filtre2.cpp:34]   --->   Core 108 'DMul' <Latency = 5> <II = 1> <Delay = 7.79> <FuncUnit> <Opcode : 'dmul'> <InPorts = 2> <OutPorts = 1>
ST_8 : Operation 62 [2/6] (7.79ns)   --->   "%tmp_3 = fmul double %tmp_2, 0x3EC0000000000000" [src/modules/filtre2.cpp:13->src/modules/filtre2.cpp:34]   --->   Core 108 'DMul' <Latency = 5> <II = 1> <Delay = 7.79> <FuncUnit> <Opcode : 'dmul'> <InPorts = 2> <OutPorts = 1>

 <State 9> : 7.79ns
ST_9 : Operation 63 [1/1] (0.00ns)   --->   "%y1_assign = phi float [ %y, %1 ], [ 0.000000e+00, %0 ]"
ST_9 : Operation 64 [1/6] (7.79ns)   --->   "%tmp_s = fmul double %tmp, 0x3EC0000000000000" [src/modules/filtre2.cpp:13->src/modules/filtre2.cpp:34]   --->   Core 108 'DMul' <Latency = 5> <II = 1> <Delay = 7.79> <FuncUnit> <Opcode : 'dmul'> <InPorts = 2> <OutPorts = 1>
ST_9 : Operation 65 [1/6] (7.79ns)   --->   "%tmp_3 = fmul double %tmp_2, 0x3EC0000000000000" [src/modules/filtre2.cpp:13->src/modules/filtre2.cpp:34]   --->   Core 108 'DMul' <Latency = 5> <II = 1> <Delay = 7.79> <FuncUnit> <Opcode : 'dmul'> <InPorts = 2> <OutPorts = 1>
ST_9 : Operation 66 [1/1] (5.12ns)   --->   "%tmp_5 = fpext float %y1_assign to double" [src/modules/filtre2.cpp:13->src/modules/filtre2.cpp:34]   --->   Core 106 'Float2Double' <Latency = 0> <II = 1> <Delay = 5.12> <FuncUnit> <Opcode : 'fpext'> <InPorts = 1> <OutPorts = 1>

 <State 10> : 8.39ns
ST_10 : Operation 67 [6/6] (8.39ns)   --->   "%tmp_4 = fadd double %tmp_s, %tmp_3" [src/modules/filtre2.cpp:13->src/modules/filtre2.cpp:34]   --->   Core 107 'DAddSub' <Latency = 5> <II = 1> <Delay = 8.39> <FuncUnit> <Opcode : 'dadd' 'dsub'> <InPorts = 2> <OutPorts = 1>
ST_10 : Operation 68 [6/6] (7.79ns)   --->   "%tmp_6 = fmul double %tmp_5, 0x3FEFFC0000000000" [src/modules/filtre2.cpp:13->src/modules/filtre2.cpp:34]   --->   Core 108 'DMul' <Latency = 5> <II = 1> <Delay = 7.79> <FuncUnit> <Opcode : 'dmul'> <InPorts = 2> <OutPorts = 1>

 <State 11> : 8.39ns
ST_11 : Operation 69 [5/6] (8.39ns)   --->   "%tmp_4 = fadd double %tmp_s, %tmp_3" [src/modules/filtre2.cpp:13->src/modules/filtre2.cpp:34]   --->   Core 107 'DAddSub' <Latency = 5> <II = 1> <Delay = 8.39> <FuncUnit> <Opcode : 'dadd' 'dsub'> <InPorts = 2> <OutPorts = 1>
ST_11 : Operation 70 [5/6] (7.79ns)   --->   "%tmp_6 = fmul double %tmp_5, 0x3FEFFC0000000000" [src/modules/filtre2.cpp:13->src/modules/filtre2.cpp:34]   --->   Core 108 'DMul' <Latency = 5> <II = 1> <Delay = 7.79> <FuncUnit> <Opcode : 'dmul'> <InPorts = 2> <OutPorts = 1>

 <State 12> : 8.39ns
ST_12 : Operation 71 [4/6] (8.39ns)   --->   "%tmp_4 = fadd double %tmp_s, %tmp_3" [src/modules/filtre2.cpp:13->src/modules/filtre2.cpp:34]   --->   Core 107 'DAddSub' <Latency = 5> <II = 1> <Delay = 8.39> <FuncUnit> <Opcode : 'dadd' 'dsub'> <InPorts = 2> <OutPorts = 1>
ST_12 : Operation 72 [4/6] (7.79ns)   --->   "%tmp_6 = fmul double %tmp_5, 0x3FEFFC0000000000" [src/modules/filtre2.cpp:13->src/modules/filtre2.cpp:34]   --->   Core 108 'DMul' <Latency = 5> <II = 1> <Delay = 7.79> <FuncUnit> <Opcode : 'dmul'> <InPorts = 2> <OutPorts = 1>

 <State 13> : 8.39ns
ST_13 : Operation 73 [3/6] (8.39ns)   --->   "%tmp_4 = fadd double %tmp_s, %tmp_3" [src/modules/filtre2.cpp:13->src/modules/filtre2.cpp:34]   --->   Core 107 'DAddSub' <Latency = 5> <II = 1> <Delay = 8.39> <FuncUnit> <Opcode : 'dadd' 'dsub'> <InPorts = 2> <OutPorts = 1>
ST_13 : Operation 74 [3/6] (7.79ns)   --->   "%tmp_6 = fmul double %tmp_5, 0x3FEFFC0000000000" [src/modules/filtre2.cpp:13->src/modules/filtre2.cpp:34]   --->   Core 108 'DMul' <Latency = 5> <II = 1> <Delay = 7.79> <FuncUnit> <Opcode : 'dmul'> <InPorts = 2> <OutPorts = 1>

 <State 14> : 8.39ns
ST_14 : Operation 75 [2/6] (8.39ns)   --->   "%tmp_4 = fadd double %tmp_s, %tmp_3" [src/modules/filtre2.cpp:13->src/modules/filtre2.cpp:34]   --->   Core 107 'DAddSub' <Latency = 5> <II = 1> <Delay = 8.39> <FuncUnit> <Opcode : 'dadd' 'dsub'> <InPorts = 2> <OutPorts = 1>
ST_14 : Operation 76 [2/6] (7.79ns)   --->   "%tmp_6 = fmul double %tmp_5, 0x3FEFFC0000000000" [src/modules/filtre2.cpp:13->src/modules/filtre2.cpp:34]   --->   Core 108 'DMul' <Latency = 5> <II = 1> <Delay = 7.79> <FuncUnit> <Opcode : 'dmul'> <InPorts = 2> <OutPorts = 1>

 <State 15> : 8.39ns
ST_15 : Operation 77 [1/6] (8.39ns)   --->   "%tmp_4 = fadd double %tmp_s, %tmp_3" [src/modules/filtre2.cpp:13->src/modules/filtre2.cpp:34]   --->   Core 107 'DAddSub' <Latency = 5> <II = 1> <Delay = 8.39> <FuncUnit> <Opcode : 'dadd' 'dsub'> <InPorts = 2> <OutPorts = 1>
ST_15 : Operation 78 [1/6] (7.79ns)   --->   "%tmp_6 = fmul double %tmp_5, 0x3FEFFC0000000000" [src/modules/filtre2.cpp:13->src/modules/filtre2.cpp:34]   --->   Core 108 'DMul' <Latency = 5> <II = 1> <Delay = 7.79> <FuncUnit> <Opcode : 'dmul'> <InPorts = 2> <OutPorts = 1>

 <State 16> : 8.39ns
ST_16 : Operation 79 [6/6] (8.39ns)   --->   "%tmp_7 = fadd double %tmp_4, %tmp_6" [src/modules/filtre2.cpp:13->src/modules/filtre2.cpp:34]   --->   Core 107 'DAddSub' <Latency = 5> <II = 1> <Delay = 8.39> <FuncUnit> <Opcode : 'dadd' 'dsub'> <InPorts = 2> <OutPorts = 1>

 <State 17> : 8.39ns
ST_17 : Operation 80 [5/6] (8.39ns)   --->   "%tmp_7 = fadd double %tmp_4, %tmp_6" [src/modules/filtre2.cpp:13->src/modules/filtre2.cpp:34]   --->   Core 107 'DAddSub' <Latency = 5> <II = 1> <Delay = 8.39> <FuncUnit> <Opcode : 'dadd' 'dsub'> <InPorts = 2> <OutPorts = 1>

 <State 18> : 8.39ns
ST_18 : Operation 81 [4/6] (8.39ns)   --->   "%tmp_7 = fadd double %tmp_4, %tmp_6" [src/modules/filtre2.cpp:13->src/modules/filtre2.cpp:34]   --->   Core 107 'DAddSub' <Latency = 5> <II = 1> <Delay = 8.39> <FuncUnit> <Opcode : 'dadd' 'dsub'> <InPorts = 2> <OutPorts = 1>

 <State 19> : 8.39ns
ST_19 : Operation 82 [3/6] (8.39ns)   --->   "%tmp_7 = fadd double %tmp_4, %tmp_6" [src/modules/filtre2.cpp:13->src/modules/filtre2.cpp:34]   --->   Core 107 'DAddSub' <Latency = 5> <II = 1> <Delay = 8.39> <FuncUnit> <Opcode : 'dadd' 'dsub'> <InPorts = 2> <OutPorts = 1>

 <State 20> : 8.39ns
ST_20 : Operation 83 [2/6] (8.39ns)   --->   "%tmp_7 = fadd double %tmp_4, %tmp_6" [src/modules/filtre2.cpp:13->src/modules/filtre2.cpp:34]   --->   Core 107 'DAddSub' <Latency = 5> <II = 1> <Delay = 8.39> <FuncUnit> <Opcode : 'dadd' 'dsub'> <InPorts = 2> <OutPorts = 1>

 <State 21> : 8.39ns
ST_21 : Operation 84 [1/6] (8.39ns)   --->   "%tmp_7 = fadd double %tmp_4, %tmp_6" [src/modules/filtre2.cpp:13->src/modules/filtre2.cpp:34]   --->   Core 107 'DAddSub' <Latency = 5> <II = 1> <Delay = 8.39> <FuncUnit> <Opcode : 'dadd' 'dsub'> <InPorts = 2> <OutPorts = 1>

 <State 22> : 8.61ns
ST_22 : Operation 85 [1/1] (6.45ns)   --->   "%y = fptrunc double %tmp_7 to float" [src/modules/filtre2.cpp:13->src/modules/filtre2.cpp:34]   --->   Core 115 'Double2Float' <Latency = 0> <II = 1> <Delay = 6.45> <FuncUnit> <Opcode : 'fptrunc'> <InPorts = 1> <OutPorts = 1>
ST_22 : Operation 86 [1/1] (2.15ns)   --->   "store float %y, float* %filtre2_mem_y_addr, align 4" [src/modules/filtre2.cpp:37]   --->   Core 37 'RAM' <Latency = 1> <II = 1> <Delay = 2.15> <Storage> <Opcode : 'load' 'store'> <Ports = 2> <Width = 32> <Depth = 1> <RAM>

 <State 23> : 3.91ns
ST_23 : Operation 87 [1/1] (0.00ns)   --->   "call void @_ssdm_op_Write.ap_auto.floatP(float* %filtre2_y0, float %y)" [src/modules/filtre2.cpp:34]
ST_23 : Operation 88 [1/1] (3.90ns)   --->   "call void @_ssdm_op_Write.ap_fifo.volatile.floatP(float* %s, float %y)" [src/modules/filtre2.cpp:39]   --->   Core 36 'FIFO_SRL' <Latency = 0> <II = 1> <Delay = 3.90> <Storage> <Opcode : 'read' 'write' 'nbread' 'nbwrite'> <Ports = 0> <Width = 32> <Depth = 0> <FIFO>
ST_23 : Operation 89 [1/1] (0.00ns)   --->   "br label %1" [src/modules/filtre2.cpp:43]


============================================================
+ Verbose Summary: Timing violations
============================================================
Target clock period: 10ns, clock uncertainty: 1.25ns.

 <State 1>: 2.15ns
The critical path consists of the following:
	'getelementptr' operation ('filtre2_mem_x_addr', src/modules/filtre2.cpp:23) [25]  (0 ns)
	'store' operation (src/modules/filtre2.cpp:23) of constant 0 on array 'filtre2_mem_x' [26]  (2.15 ns)

 <State 2>: 6.06ns
The critical path consists of the following:
	fifo read on port 'e' (src/modules/filtre2.cpp:32) [35]  (3.91 ns)
	'store' operation (src/modules/filtre2.cpp:36) of variable 'val', src/modules/filtre2.cpp:32 on array 'filtre2_mem_x' [47]  (2.15 ns)

 <State 3>: 5.12ns
The critical path consists of the following:
	'phi' operation ('val') with incoming values : ('val', src/modules/filtre2.cpp:32) [33]  (0 ns)
	'fpext' operation ('tmp_2', src/modules/filtre2.cpp:13->src/modules/filtre2.cpp:34) [39]  (5.12 ns)

 <State 4>: 7.79ns
The critical path consists of the following:
	'dmul' operation ('tmp_s', src/modules/filtre2.cpp:13->src/modules/filtre2.cpp:34) [38]  (7.79 ns)

 <State 5>: 7.79ns
The critical path consists of the following:
	'dmul' operation ('tmp_s', src/modules/filtre2.cpp:13->src/modules/filtre2.cpp:34) [38]  (7.79 ns)

 <State 6>: 7.79ns
The critical path consists of the following:
	'dmul' operation ('tmp_s', src/modules/filtre2.cpp:13->src/modules/filtre2.cpp:34) [38]  (7.79 ns)

 <State 7>: 7.79ns
The critical path consists of the following:
	'dmul' operation ('tmp_s', src/modules/filtre2.cpp:13->src/modules/filtre2.cpp:34) [38]  (7.79 ns)

 <State 8>: 7.79ns
The critical path consists of the following:
	'dmul' operation ('tmp_s', src/modules/filtre2.cpp:13->src/modules/filtre2.cpp:34) [38]  (7.79 ns)

 <State 9>: 7.79ns
The critical path consists of the following:
	'dmul' operation ('tmp_s', src/modules/filtre2.cpp:13->src/modules/filtre2.cpp:34) [38]  (7.79 ns)

 <State 10>: 8.39ns
The critical path consists of the following:
	'dadd' operation ('tmp_4', src/modules/filtre2.cpp:13->src/modules/filtre2.cpp:34) [41]  (8.39 ns)

 <State 11>: 8.39ns
The critical path consists of the following:
	'dadd' operation ('tmp_4', src/modules/filtre2.cpp:13->src/modules/filtre2.cpp:34) [41]  (8.39 ns)

 <State 12>: 8.39ns
The critical path consists of the following:
	'dadd' operation ('tmp_4', src/modules/filtre2.cpp:13->src/modules/filtre2.cpp:34) [41]  (8.39 ns)

 <State 13>: 8.39ns
The critical path consists of the following:
	'dadd' operation ('tmp_4', src/modules/filtre2.cpp:13->src/modules/filtre2.cpp:34) [41]  (8.39 ns)

 <State 14>: 8.39ns
The critical path consists of the following:
	'dadd' operation ('tmp_4', src/modules/filtre2.cpp:13->src/modules/filtre2.cpp:34) [41]  (8.39 ns)

 <State 15>: 8.39ns
The critical path consists of the following:
	'dadd' operation ('tmp_4', src/modules/filtre2.cpp:13->src/modules/filtre2.cpp:34) [41]  (8.39 ns)

 <State 16>: 8.39ns
The critical path consists of the following:
	'dadd' operation ('tmp_7', src/modules/filtre2.cpp:13->src/modules/filtre2.cpp:34) [44]  (8.39 ns)

 <State 17>: 8.39ns
The critical path consists of the following:
	'dadd' operation ('tmp_7', src/modules/filtre2.cpp:13->src/modules/filtre2.cpp:34) [44]  (8.39 ns)

 <State 18>: 8.39ns
The critical path consists of the following:
	'dadd' operation ('tmp_7', src/modules/filtre2.cpp:13->src/modules/filtre2.cpp:34) [44]  (8.39 ns)

 <State 19>: 8.39ns
The critical path consists of the following:
	'dadd' operation ('tmp_7', src/modules/filtre2.cpp:13->src/modules/filtre2.cpp:34) [44]  (8.39 ns)

 <State 20>: 8.39ns
The critical path consists of the following:
	'dadd' operation ('tmp_7', src/modules/filtre2.cpp:13->src/modules/filtre2.cpp:34) [44]  (8.39 ns)

 <State 21>: 8.39ns
The critical path consists of the following:
	'dadd' operation ('tmp_7', src/modules/filtre2.cpp:13->src/modules/filtre2.cpp:34) [44]  (8.39 ns)

 <State 22>: 8.61ns
The critical path consists of the following:
	'fptrunc' operation ('y', src/modules/filtre2.cpp:13->src/modules/filtre2.cpp:34) [45]  (6.46 ns)
	'store' operation (src/modules/filtre2.cpp:37) of variable 'y', src/modules/filtre2.cpp:13->src/modules/filtre2.cpp:34 on array 'filtre2_mem_y' [48]  (2.15 ns)

 <State 23>: 3.91ns
The critical path consists of the following:
	fifo write on port 's' (src/modules/filtre2.cpp:39) [49]  (3.91 ns)


============================================================
+ Verbose Summary: Binding
============================================================
N/A
* FSMD analyzer results:
  - Output states:
 - Input state : 
  - Chain level:
	State 1
	State 2
	State 3
	State 4
	State 5
	State 6
	State 7
	State 8
	State 9
	State 10
	State 11
	State 12
	State 13
	State 14
	State 15
	State 16
	State 17
	State 18
	State 19
	State 20
	State 21
	State 22
	State 23


============================================================
+ Verbose Summary: Datapath Resource usage 
============================================================
N/A
