

================================================================
== Vivado HLS Report for 'comparateur_do_comp'
================================================================
* Date:           Wed Jan 17 14:57:49 2018

* Version:        2017.3 (Build 2018833 on Wed Oct 04 20:30:40 MDT 2017)
* Project:        main_module
* Solution:       solution1
* Product family: artix7
* Target device:  xc7a100tcsg324-1


================================================================
== Performance Estimates
================================================================
+ Timing (ns): 
    * Summary: 
    +--------+-------+----------+------------+
    |  Clock | Target| Estimated| Uncertainty|
    +--------+-------+----------+------------+
    |ap_clk  |  10.00|      8.07|        1.25|
    +--------+-------+----------+------------+

+ Latency (clock cycles): 
    * Summary: 
    +-----+-----+-----+-----+---------+
    |  Latency  |  Interval | Pipeline|
    | min | max | min | max |   Type  |
    +-----+-----+-----+-----+---------+
    |   12|   12|   12|   12|   none  |
    +-----+-----+-----+-----+---------+

    + Detail: 
        * Instance: 
        N/A

        * Loop: 
        +----------+-----+-----+----------+-----------+-----------+------+----------+
        |          |  Latency  | Iteration|  Initiation Interval  | Trip |          |
        | Loop Name| min | max |  Latency |  achieved |   target  | Count| Pipelined|
        +----------+-----+-----+----------+-----------+-----------+------+----------+
        |- Loop 1  |   11|   11|        11|          -|          -|  inf |    no    |
        +----------+-----+-----+----------+-----------+-----------+------+----------+



================================================================
== Utilization Estimates
================================================================
* Summary: 
+-----------------+---------+-------+--------+-------+
|       Name      | BRAM_18K| DSP48E|   FF   |  LUT  |
+-----------------+---------+-------+--------+-------+
|DSP              |        -|      -|       -|      -|
|Expression       |        -|      -|       0|    673|
|FIFO             |        -|      -|       -|      -|
|Instance         |        -|      0|     405|    443|
|Memory           |        -|      -|       -|      -|
|Multiplexer      |        -|      -|       -|     80|
|Register         |        -|      -|     176|      -|
+-----------------+---------+-------+--------+-------+
|Total            |        0|      0|     581|   1196|
+-----------------+---------+-------+--------+-------+
|Available        |      270|    240|  126800|  63400|
+-----------------+---------+-------+--------+-------+
|Utilization (%)  |        0|      0|   ~0   |      1|
+-----------------+---------+-------+--------+-------+

+ Detail: 
    * Instance: 
    +-------------------------+----------------------+---------+-------+-----+-----+
    |         Instance        |        Module        | BRAM_18K| DSP48E|  FF | LUT |
    +-------------------------+----------------------+---------+-------+-----+-----+
    |comparateur_fcmp_dEe_U9  |comparateur_fcmp_dEe  |        0|      0|   66|   70|
    |comparateur_sitofcud_U8  |comparateur_sitofcud  |        0|      0|  339|  373|
    +-------------------------+----------------------+---------+-------+-----+-----+
    |Total                    |                      |        0|      0|  405|  443|
    +-------------------------+----------------------+---------+-------+-----+-----+

    * DSP48: 
    N/A

    * Memory: 
    N/A

    * FIFO: 
    N/A

    * Expression: 
    +-----------------------+----------+-------+---+-----+------------+------------+
    |     Variable Name     | Operation| DSP48E| FF| LUT | Bitwidth P0| Bitwidth P1|
    +-----------------------+----------+-------+---+-----+------------+------------+
    |sh_assign_fu_194_p2    |     +    |      0|  0|   16|           8|           9|
    |neg_cast_fu_300_p2     |     -    |      0|  0|   38|           1|          31|
    |result_V_2_fu_283_p2   |     -    |      0|  0|   39|           1|          32|
    |tmp_6_fu_208_p2        |     -    |      0|  0|   15|           7|           8|
    |tmp_13_fu_390_p2       |    and   |      0|  0|    8|           1|           1|
    |tmp_15_fu_396_p2       |    and   |      0|  0|    8|           1|           1|
    |abscond_fu_306_p2      |   icmp   |      0|  0|   18|          32|           1|
    |notlhs3_fu_370_p2      |   icmp   |      0|  0|   11|           8|           2|
    |notlhs_fu_358_p2       |   icmp   |      0|  0|   11|           8|           2|
    |notrhs4_fu_376_p2      |   icmp   |      0|  0|   18|          23|           1|
    |notrhs_fu_364_p2       |   icmp   |      0|  0|   18|          23|           1|
    |r_V_fu_238_p2          |   lshr   |      0|  0|   73|          25|          25|
    |ap_block_state2        |    or    |      0|  0|    8|           1|           1|
    |tmp_11_fu_382_p2       |    or    |      0|  0|    8|           1|           1|
    |tmp_12_fu_386_p2       |    or    |      0|  0|    8|           1|           1|
    |abs_fu_312_p3          |  select  |      0|  0|   31|           1|          31|
    |p_Val2_6_fu_272_p3     |  select  |      0|  0|   31|           1|          31|
    |result_V_5_fu_289_p3   |  select  |      0|  0|   32|           1|          32|
    |sh_assign_2_fu_218_p3  |  select  |      0|  0|    9|           1|           9|
    |tmp_10_fu_401_p3       |  select  |      0|  0|   30|           1|          30|
    |r_V_2_fu_244_p2        |    shl   |      0|  0|  243|          79|          79|
    +-----------------------+----------+-------+---+-----+------------+------------+
    |Total                  |          |      0|  0|  673|         225|         329|
    +-----------------------+----------+-------+---+-----+------------+------------+

    * Multiplexer: 
    +-----------+----+-----------+-----+-----------+
    |    Name   | LUT| Input Size| Bits| Total Bits|
    +-----------+----+-----------+-----+-----------+
    |ap_NS_fsm  |  53|         12|    1|         12|
    |e1_blk_n   |   9|          2|    1|          2|
    |e2_blk_n   |   9|          2|    1|          2|
    |s_blk_n    |   9|          2|    1|          2|
    +-----------+----+-----------+-----+-----------+
    |Total      |  80|         18|    4|         18|
    +-----------+----+-----------+-----+-----------+

    * Register: 
    +--------------------+----+----+-----+-----------+
    |        Name        | FF | LUT| Bits| Const Bits|
    +--------------------+----+----+-----+-----------+
    |abs_reg_433         |  31|   0|   31|          0|
    |ap_CS_fsm           |  12|   0|   12|          0|
    |notlhs3_reg_460     |   1|   0|    1|          0|
    |notlhs_reg_450      |   1|   0|    1|          0|
    |notrhs4_reg_465     |   1|   0|    1|          0|
    |notrhs_reg_455      |   1|   0|    1|          0|
    |p_Result_s_reg_423  |   1|   0|    1|          0|
    |p_Val2_6_reg_428    |  31|   0|   31|          0|
    |tmp_14_reg_470      |   1|   0|    1|          0|
    |tmp_9_reg_443       |  32|   0|   32|          0|
    |val_1_reg_416       |  32|   0|   32|          0|
    |val_reg_411         |  32|   0|   32|          0|
    +--------------------+----+----+-----+-----------+
    |Total               | 176|   0|  176|          0|
    +--------------------+----+----+-----+-----------+



================================================================
== Interface
================================================================
* Summary: 
+---------------------------+-----+-----+------------+----------------------+--------------+
|         RTL Ports         | Dir | Bits|  Protocol  |     Source Object    |    C Type    |
+---------------------------+-----+-----+------------+----------------------+--------------+
|ap_clk                     |  in |    1| ap_ctrl_hs | comparateur::do_comp | return value |
|ap_rst                     |  in |    1| ap_ctrl_hs | comparateur::do_comp | return value |
|comparateur_in1            | out |   32|   ap_vld   |    comparateur_in1   |    pointer   |
|comparateur_in1_ap_vld     | out |    1|   ap_vld   |    comparateur_in1   |    pointer   |
|comparateur_seuil          | out |   32|   ap_vld   |   comparateur_seuil  |    pointer   |
|comparateur_seuil_ap_vld   | out |    1|   ap_vld   |   comparateur_seuil  |    pointer   |
|comparateur_result         | out |   32|   ap_vld   |  comparateur_result  |    pointer   |
|comparateur_result_ap_vld  | out |    1|   ap_vld   |  comparateur_result  |    pointer   |
|e1_dout                    |  in |   32|   ap_fifo  |          e1          |    pointer   |
|e1_empty_n                 |  in |    1|   ap_fifo  |          e1          |    pointer   |
|e1_read                    | out |    1|   ap_fifo  |          e1          |    pointer   |
|e2_dout                    |  in |   32|   ap_fifo  |          e2          |    pointer   |
|e2_empty_n                 |  in |    1|   ap_fifo  |          e2          |    pointer   |
|e2_read                    | out |    1|   ap_fifo  |          e2          |    pointer   |
|s_din                      | out |   32|   ap_fifo  |           s          |    pointer   |
|s_full_n                   |  in |    1|   ap_fifo  |           s          |    pointer   |
|s_write                    | out |    1|   ap_fifo  |           s          |    pointer   |
+---------------------------+-----+-----+------------+----------------------+--------------+

