

================================================================
== Vivado HLS Report for 'doubleur'
================================================================
* Date:           Wed Jan 17 14:57:55 2018

* Version:        2017.3 (Build 2018833 on Wed Oct 04 20:30:40 MDT 2017)
* Project:        main_module
* Solution:       solution1
* Product family: artix7
* Target device:  xc7a100tcsg324-1


================================================================
== Performance Estimates
================================================================
+ Timing (ns): 
    * Summary: 
    +--------+-------+----------+------------+
    |  Clock | Target| Estimated| Uncertainty|
    +--------+-------+----------+------------+
    |ap_clk  |  10.00|      7.82|        1.25|
    +--------+-------+----------+------------+

+ Latency (clock cycles): 
    * Summary: 
    +-----+-----+-----+-----+---------+
    |  Latency  |  Interval | Pipeline|
    | min | max | min | max |   Type  |
    +-----+-----+-----+-----+---------+
    |    0|    3|    1|    4|   none  |
    +-----+-----+-----+-----+---------+

    + Detail: 
        * Instance: 
        +-----------------------------+-------------------+-----+-----+-----+-----+---------+
        |                             |                   |  Latency  |  Interval | Pipeline|
        |           Instance          |       Module      | min | max | min | max |   Type  |
        +-----------------------------+-------------------+-----+-----+-----+-----+---------+
        |grp_doubleur_do_split_fu_62  |doubleur_do_split  |    2|    2|    2|    2|   none  |
        +-----------------------------+-------------------+-----+-----+-----+-----+---------+

        * Loop: 
        N/A



================================================================
== Utilization Estimates
================================================================
* Summary: 
+-----------------+---------+-------+--------+-------+
|       Name      | BRAM_18K| DSP48E|   FF   |  LUT  |
+-----------------+---------+-------+--------+-------+
|DSP              |        -|      -|       -|      -|
|Expression       |        -|      -|       -|      -|
|FIFO             |        -|      -|       -|      -|
|Instance         |        -|      -|       2|     44|
|Memory           |        -|      -|       -|      -|
|Multiplexer      |        -|      -|       -|      -|
|Register         |        -|      -|       -|      -|
+-----------------+---------+-------+--------+-------+
|Total            |        0|      0|       2|     44|
+-----------------+---------+-------+--------+-------+
|Available        |      270|    240|  126800|  63400|
+-----------------+---------+-------+--------+-------+
|Utilization (%)  |        0|      0|   ~0   |   ~0  |
+-----------------+---------+-------+--------+-------+

+ Detail: 
    * Instance: 
    +-----------------------------+-------------------+---------+-------+---+----+
    |           Instance          |       Module      | BRAM_18K| DSP48E| FF| LUT|
    +-----------------------------+-------------------+---------+-------+---+----+
    |grp_doubleur_do_split_fu_62  |doubleur_do_split  |        0|      0|  2|  44|
    +-----------------------------+-------------------+---------+-------+---+----+
    |Total                        |                   |        0|      0|  2|  44|
    +-----------------------------+-------------------+---------+-------+---+----+

    * DSP48: 
    N/A

    * Memory: 
    N/A

    * FIFO: 
    N/A

    * Expression: 
    N/A

    * Multiplexer: 
    N/A

    * Register: 
    N/A



================================================================
== Interface
================================================================
* Summary: 
+-----------+-----+-----+------------+----------------------+--------------+
| RTL Ports | Dir | Bits|  Protocol  |     Source Object    |    C Type    |
+-----------+-----+-----+------------+----------------------+--------------+
|clk        |  in |    1| ap_ctrl_hs | doubleur::doubleur.1 | return value |
|reset      |  in |    1| ap_ctrl_hs | doubleur::doubleur.1 | return value |
|e_dout     |  in |   32|   ap_fifo  |           e          |    pointer   |
|e_empty_n  |  in |    1|   ap_fifo  |           e          |    pointer   |
|e_read     | out |    1|   ap_fifo  |           e          |    pointer   |
|s1_din     | out |   32|   ap_fifo  |          s1          |    pointer   |
|s1_full_n  |  in |    1|   ap_fifo  |          s1          |    pointer   |
|s1_write   | out |    1|   ap_fifo  |          s1          |    pointer   |
|s2_din     | out |   32|   ap_fifo  |          s2          |    pointer   |
|s2_full_n  |  in |    1|   ap_fifo  |          s2          |    pointer   |
|s2_write   | out |    1|   ap_fifo  |          s2          |    pointer   |
+-----------+-----+-----+------------+----------------------+--------------+

