

================================================================
== Vivado HLS Report for 'filtre1_do_filtre'
================================================================
* Date:           Wed Jan 17 14:57:59 2018

* Version:        2017.3 (Build 2018833 on Wed Oct 04 20:30:40 MDT 2017)
* Project:        main_module
* Solution:       solution1
* Product family: artix7
* Target device:  xc7a100tcsg324-1


================================================================
== Performance Estimates
================================================================
+ Timing (ns): 
    * Summary: 
    +--------+-------+----------+------------+
    |  Clock | Target| Estimated| Uncertainty|
    +--------+-------+----------+------------+
    |ap_clk  |  10.00|      8.61|        1.25|
    +--------+-------+----------+------------+

+ Latency (clock cycles): 
    * Summary: 
    +-----+-----+-----+-----+---------+
    |  Latency  |  Interval | Pipeline|
    | min | max | min | max |   Type  |
    +-----+-----+-----+-----+---------+
    |   23|   23|   23|   23|   none  |
    +-----+-----+-----+-----+---------+

    + Detail: 
        * Instance: 
        N/A

        * Loop: 
        +----------+-----+-----+----------+-----------+-----------+------+----------+
        |          |  Latency  | Iteration|  Initiation Interval  | Trip |          |
        | Loop Name| min | max |  Latency |  achieved |   target  | Count| Pipelined|
        +----------+-----+-----+----------+-----------+-----------+------+----------+
        |- Loop 1  |   22|   22|        22|          -|          -|  inf |    no    |
        +----------+-----+-----+----------+-----------+-----------+------+----------+



================================================================
== Utilization Estimates
================================================================
* Summary: 
+-----------------+---------+-------+--------+-------+
|       Name      | BRAM_18K| DSP48E|   FF   |  LUT  |
+-----------------+---------+-------+--------+-------+
|DSP              |        -|      -|       -|      -|
|Expression       |        -|      -|       -|      -|
|FIFO             |        -|      -|       -|      -|
|Instance         |        -|     25|    1471|   1436|
|Memory           |        -|      -|       -|      -|
|Multiplexer      |        -|      -|       -|    280|
|Register         |        -|      -|     471|      -|
+-----------------+---------+-------+--------+-------+
|Total            |        0|     25|    1942|   1716|
+-----------------+---------+-------+--------+-------+
|Available        |      270|    240|  126800|  63400|
+-----------------+---------+-------+--------+-------+
|Utilization (%)  |        0|     10|       1|      2|
+-----------------+---------+-------+--------+-------+

+ Detail: 
    * Instance: 
    +--------------------------+----------------------+---------+-------+-----+-----+
    |         Instance         |        Module        | BRAM_18K| DSP48E|  FF | LUT |
    +--------------------------+----------------------+---------+-------+-----+-----+
    |filtre1_dadddsub_g8j_U31  |filtre1_dadddsub_g8j  |        0|      3|  509|  817|
    |filtre1_dmul_64nshbi_U32  |filtre1_dmul_64nshbi  |        0|     11|  317|  204|
    |filtre1_dmul_64nshbi_U33  |filtre1_dmul_64nshbi  |        0|     11|  317|  204|
    |filtre1_fpext_32nfYi_U29  |filtre1_fpext_32nfYi  |        0|      0|  100|   54|
    |filtre1_fpext_32nfYi_U30  |filtre1_fpext_32nfYi  |        0|      0|  100|   54|
    |filtre1_fptrunc_6eOg_U28  |filtre1_fptrunc_6eOg  |        0|      0|  128|  103|
    +--------------------------+----------------------+---------+-------+-----+-----+
    |Total                     |                      |        0|     25| 1471| 1436|
    +--------------------------+----------------------+---------+-------+-----+-----+

    * DSP48: 
    N/A

    * Memory: 
    N/A

    * FIFO: 
    N/A

    * Expression: 
    N/A

    * Multiplexer: 
    +------------------------+-----+-----------+-----+-----------+
    |          Name          | LUT | Input Size| Bits| Total Bits|
    +------------------------+-----+-----------+-----+-----------+
    |ap_NS_fsm               |  109|         23|    1|         23|
    |e_blk_n                 |    9|          2|    1|          2|
    |filtre1_mem_x_address0  |   15|          3|    1|          3|
    |filtre1_mem_x_d0        |   15|          3|   32|         96|
    |filtre1_mem_y_address0  |   15|          3|    1|          3|
    |filtre1_mem_y_d0        |   15|          3|   32|         96|
    |grp_fu_152_p0           |   15|          3|   32|         96|
    |grp_fu_160_opcode       |   15|          3|    2|          6|
    |grp_fu_160_p0           |   15|          3|   64|        192|
    |grp_fu_160_p1           |   15|          3|   64|        192|
    |grp_fu_164_p1           |   15|          3|   64|        192|
    |s_blk_n                 |    9|          2|    1|          2|
    |x1_assign_reg_126       |    9|          2|   32|         64|
    |y1_assign_reg_137       |    9|          2|   32|         64|
    +------------------------+-----+-----------+-----+-----------+
    |Total                   |  280|         58|  359|       1031|
    +------------------------+-----+-----------+-----+-----------+

    * Register: 
    +----------------------------+----+----+-----+-----------+
    |            Name            | FF | LUT| Bits| Const Bits|
    +----------------------------+----+----+-----+-----------+
    |ap_CS_fsm                   |  23|   0|   23|          0|
    |filtre1_mem_x_addr_reg_192  |   0|   0|    1|          1|
    |filtre1_mem_y_addr_reg_197  |   0|   0|    1|          1|
    |reg_175                     |  64|   0|   64|          0|
    |reg_180                     |  64|   0|   64|          0|
    |reg_186                     |  64|   0|   64|          0|
    |tmp_1_reg_214               |  64|   0|   64|          0|
    |tmp_9_reg_209               |  64|   0|   64|          0|
    |val_reg_202                 |  32|   0|   32|          0|
    |x1_assign_reg_126           |  32|   0|   32|          0|
    |y1_assign_reg_137           |  32|   0|   32|          0|
    |y_reg_219                   |  32|   0|   32|          0|
    +----------------------------+----+----+-----+-----------+
    |Total                       | 471|   0|  473|          2|
    +----------------------------+----+----+-----+-----------+



================================================================
== Interface
================================================================
* Summary: 
+------------------------+-----+-----+------------+--------------------+--------------+
|        RTL Ports       | Dir | Bits|  Protocol  |    Source Object   |    C Type    |
+------------------------+-----+-----+------------+--------------------+--------------+
|ap_clk                  |  in |    1| ap_ctrl_hs | filtre1::do_filtre | return value |
|ap_rst                  |  in |    1| ap_ctrl_hs | filtre1::do_filtre | return value |
|filtre1_y0              | out |   32|   ap_vld   |     filtre1_y0     |    pointer   |
|filtre1_y0_ap_vld       | out |    1|   ap_vld   |     filtre1_y0     |    pointer   |
|filtre1_x0              | out |   32|   ap_vld   |     filtre1_x0     |    pointer   |
|filtre1_x0_ap_vld       | out |    1|   ap_vld   |     filtre1_x0     |    pointer   |
|filtre1_mem_x_address0  | out |    1|  ap_memory |    filtre1_mem_x   |     array    |
|filtre1_mem_x_ce0       | out |    1|  ap_memory |    filtre1_mem_x   |     array    |
|filtre1_mem_x_we0       | out |    1|  ap_memory |    filtre1_mem_x   |     array    |
|filtre1_mem_x_d0        | out |   32|  ap_memory |    filtre1_mem_x   |     array    |
|filtre1_mem_y_address0  | out |    1|  ap_memory |    filtre1_mem_y   |     array    |
|filtre1_mem_y_ce0       | out |    1|  ap_memory |    filtre1_mem_y   |     array    |
|filtre1_mem_y_we0       | out |    1|  ap_memory |    filtre1_mem_y   |     array    |
|filtre1_mem_y_d0        | out |   32|  ap_memory |    filtre1_mem_y   |     array    |
|e_dout                  |  in |   32|   ap_fifo  |          e         |    pointer   |
|e_empty_n               |  in |    1|   ap_fifo  |          e         |    pointer   |
|e_read                  | out |    1|   ap_fifo  |          e         |    pointer   |
|s_din                   | out |   32|   ap_fifo  |          s         |    pointer   |
|s_full_n                |  in |    1|   ap_fifo  |          s         |    pointer   |
|s_write                 | out |    1|   ap_fifo  |          s         |    pointer   |
+------------------------+-----+-----+------------+--------------------+--------------+

