

================================================================
== Vivado HLS Report for 'top_level'
================================================================
* Date:           Thu Dec 21 14:59:31 2017

* Version:        2017.3 (Build 2018833 on Wed Oct 04 20:30:40 MDT 2017)
* Project:        main_module
* Solution:       solution1
* Product family: artix7
* Target device:  xc7a100tcsg324-1


================================================================
== Performance Estimates
================================================================
+ Timing (ns): 
    * Summary: 
    +--------+-------+----------+------------+
    |  Clock | Target| Estimated| Uncertainty|
    +--------+-------+----------+------------+
    |ap_clk  |  10.00|      8.61|        1.25|
    +--------+-------+----------+------------+

+ Latency (clock cycles): 
    * Summary: 
    +-----+-----+-----+-----+---------+
    |  Latency  |  Interval | Pipeline|
    | min | max | min | max |   Type  |
    +-----+-----+-----+-----+---------+
    |    1|   49|    2|   50|   none  |
    +-----+-----+-----+-----+---------+

    + Detail: 
        * Instance: 
        +------------------------+-------------+-----+-----+-----+-----+---------+
        |                        |             |  Latency  |  Interval | Pipeline|
        |        Instance        |    Module   | min | max | min | max |   Type  |
        +------------------------+-------------+-----+-----+-----+-----+---------+
        |grp_UartModIn_fu_236    |UartModIn    |    0|    6|    1|    7|   none  |
        |grp_UartModOut_fu_250   |UartModOut   |    0|    6|    1|    7|   none  |
        |grp_doubleur_fu_264     |doubleur     |    0|    3|    1|    4|   none  |
        |grp_comparateur_fu_282  |comparateur  |    0|   13|    1|   14|   none  |
        |grp_filtre1_fu_304      |filtre1      |    0|   48|    1|   49|   none  |
        |grp_carre_fu_326        |carre        |    0|    8|    1|    9|   none  |
        |grp_filtre2_fu_342      |filtre2      |    0|   48|    1|   49|   none  |
        |grp_racine_fu_364       |racine       |    0|   28|    1|   29|   none  |
        +------------------------+-------------+-----+-----+-----+-----+---------+

        * Loop: 
        N/A



================================================================
== Utilization Estimates
================================================================
* Summary: 
+-----------------+---------+-------+--------+-------+
|       Name      | BRAM_18K| DSP48E|   FF   |  LUT  |
+-----------------+---------+-------+--------+-------+
|DSP              |        -|      -|       -|      -|
|Expression       |        -|      -|       -|      -|
|FIFO             |      112|      -|    1050|   3409|
|Instance         |        4|     31|    3846|   5041|
|Memory           |        -|      -|       -|      -|
|Multiplexer      |        -|      -|       -|      -|
|Register         |        -|      -|       -|      -|
+-----------------+---------+-------+--------+-------+
|Total            |      116|     31|    4896|   8450|
+-----------------+---------+-------+--------+-------+
|Available        |      270|    240|  126800|  63400|
+-----------------+---------+-------+--------+-------+
|Utilization (%)  |       42|     12|       3|     13|
+-----------------+---------+-------+--------+-------+

+ Detail: 
    * Instance: 
    +------------------------+-------------+---------+-------+------+------+
    |        Instance        |    Module   | BRAM_18K| DSP48E|  FF  |  LUT |
    +------------------------+-------------+---------+-------+------+------+
    |grp_UartModIn_fu_236    |UartModIn    |        0|      0|    29|    53|
    |grp_UartModOut_fu_250   |UartModOut   |        0|      0|    29|    80|
    |grp_carre_fu_326        |carre        |        0|      3|   214|   196|
    |grp_comparateur_fu_282  |comparateur  |        0|      0|   581|  1196|
    |grp_doubleur_fu_264     |doubleur     |        0|      0|     2|    44|
    |grp_filtre2_fu_342      |filtre2      |        4|     25|  1885|  1753|
    |grp_racine_fu_364       |racine       |        0|      3|  1106|  1719|
    +------------------------+-------------+---------+-------+------+------+
    |Total                   |             |        4|     31|  3846|  5041|
    +------------------------+-------------+---------+-------+------+------+

    * DSP48: 
    N/A

    * Memory: 
    N/A

    * FIFO: 
    +-----------------+---------+-----+-----+------+-----+---------+
    |       Name      | BRAM_18K|  FF | LUT | Depth| Bits| Size:D*B|
    +-----------------+---------+-----+-----+------+-----+---------+
    |doub1_1_fifo_U   |       16|  150|  487|  8192|   32|   262144|
    |doub2_1_fifo_U   |       16|  150|  487|  8192|   32|   262144|
    |fifo1_12_fifo_U  |       16|  150|  487|  8192|   32|   262144|
    |fifo2_13_fifo_U  |       16|  150|  487|  8192|   32|   262144|
    |fifo2_1_fifo_U   |       16|  150|  487|  8192|   32|   262144|
    |fifo3_1_fifo_U   |       16|  150|  487|  8192|   32|   262144|
    |fifo4_1_fifo_U   |       16|  150|  487|  8192|   32|   262144|
    +-----------------+---------+-----+-----+------+-----+---------+
    |Total            |      112| 1050| 3409| 57344|  224|  1835008|
    +-----------------+---------+-----+-----+------+-----+---------+

    * Expression: 
    N/A

    * Multiplexer: 
    N/A

    * Register: 
    N/A



================================================================
== Interface
================================================================
* Summary: 
+-----------+-----+-----+------------+----------------------+--------------+
| RTL Ports | Dir | Bits|  Protocol  |     Source Object    |    C Type    |
+-----------+-----+-----+------------+----------------------+--------------+
|clk        |  in |    1| ap_ctrl_hs | top_level::top_level | return value |
|reset      |  in |    1| ap_ctrl_hs | top_level::top_level | return value |
|e_dout     |  in |    8|   ap_fifo  |           e          |    pointer   |
|e_empty_n  |  in |    1|   ap_fifo  |           e          |    pointer   |
|e_read     | out |    1|   ap_fifo  |           e          |    pointer   |
|s_din      | out |    8|   ap_fifo  |           s          |    pointer   |
|s_full_n   |  in |    1|   ap_fifo  |           s          |    pointer   |
|s_write    | out |    1|   ap_fifo  |           s          |    pointer   |
+-----------+-----+-----+------------+----------------------+--------------+

