

================================================================
== Vivado HLS Report for 'uart_wrapper_oled_do_action1'
================================================================
* Date:           Fri Jan 19 19:02:00 2018

* Version:        2017.3 (Build 2018833 on Wed Oct 04 20:30:40 MDT 2017)
* Project:        test_module
* Solution:       solution1
* Product family: artix7
* Target device:  xc7a100tcsg324-1


================================================================
== Performance Estimates
================================================================
+ Timing (ns): 
    * Summary: 
    +--------+-------+----------+------------+
    |  Clock | Target| Estimated| Uncertainty|
    +--------+-------+----------+------------+
    |ap_clk  |  10.00|      7.82|        1.25|
    +--------+-------+----------+------------+

+ Latency (clock cycles): 
    * Summary: 
    +-----+-----+-----+-----+---------+
    |  Latency  |  Interval | Pipeline|
    | min | max | min | max |   Type  |
    +-----+-----+-----+-----+---------+
    |    5|    5|    5|    5|   none  |
    +-----+-----+-----+-----+---------+

    + Detail: 
        * Instance: 
        N/A

        * Loop: 
        +----------+-----+-----+----------+-----------+-----------+------+----------+
        |          |  Latency  | Iteration|  Initiation Interval  | Trip |          |
        | Loop Name| min | max |  Latency |  achieved |   target  | Count| Pipelined|
        +----------+-----+-----+----------+-----------+-----------+------+----------+
        |- Loop 1  |    4|    4|         4|          -|          -|  inf |    no    |
        +----------+-----+-----+----------+-----------+-----------+------+----------+



================================================================
== Utilization Estimates
================================================================
* Summary: 
+-----------------+---------+-------+--------+-------+
|       Name      | BRAM_18K| DSP48E|   FF   |  LUT  |
+-----------------+---------+-------+--------+-------+
|DSP              |        -|      -|       -|      -|
|Expression       |        -|      -|       0|      8|
|FIFO             |        -|      -|       -|      -|
|Instance         |        -|      -|       -|      -|
|Memory           |        -|      -|       -|      -|
|Multiplexer      |        -|      -|       -|     45|
|Register         |        -|      -|      29|      -|
+-----------------+---------+-------+--------+-------+
|Total            |        0|      0|      29|     53|
+-----------------+---------+-------+--------+-------+
|Available        |      270|    240|  126800|  63400|
+-----------------+---------+-------+--------+-------+
|Utilization (%)  |        0|      0|   ~0   |   ~0  |
+-----------------+---------+-------+--------+-------+

+ Detail: 
    * Instance: 
    N/A

    * DSP48: 
    N/A

    * Memory: 
    N/A

    * FIFO: 
    N/A

    * Expression: 
    +-----------------+----------+-------+---+----+------------+------------+
    |  Variable Name  | Operation| DSP48E| FF| LUT| Bitwidth P0| Bitwidth P1|
    +-----------------+----------+-------+---+----+------------+------------+
    |ap_block_state5  |    or    |      0|  0|   8|           1|           1|
    +-----------------+----------+-------+---+----+------------+------------+
    |Total            |          |      0|  0|   8|           1|           1|
    +-----------------+----------+-------+---+----+------------+------------+

    * Multiplexer: 
    +----------------+----+-----------+-----+-----------+
    |      Name      | LUT| Input Size| Bits| Total Bits|
    +----------------+----+-----------+-----+-----------+
    |FIFO_I_1_blk_n  |   9|          2|    1|          2|
    |ap_NS_fsm       |  27|          5|    1|          5|
    |e_blk_n         |   9|          2|    1|          2|
    +----------------+----+-----------+-----+-----------+
    |Total           |  45|          9|    3|          9|
    +----------------+----+-----------+-----+-----------+

    * Register: 
    +---------------+---+----+-----+-----------+
    |      Name     | FF| LUT| Bits| Const Bits|
    +---------------+---+----+-----+-----------+
    |ap_CS_fsm      |  5|   0|    5|          0|
    |tmp_4_reg_116  |  8|   0|    8|          0|
    |tmp_6_reg_121  |  8|   0|    8|          0|
    |tmp_reg_111    |  8|   0|    8|          0|
    +---------------+---+----+-----+-----------+
    |Total          | 29|   0|   29|          0|
    +---------------+---+----+-----+-----------+



================================================================
== Interface
================================================================
* Summary: 
+-----------------+-----+-----+------------+-------------------------------+--------------+
|    RTL Ports    | Dir | Bits|  Protocol  |         Source Object         |    C Type    |
+-----------------+-----+-----+------------+-------------------------------+--------------+
|ap_clk           |  in |    1| ap_ctrl_hs | uart_wrapper_oled::do_action1 | return value |
|ap_rst           |  in |    1| ap_ctrl_hs | uart_wrapper_oled::do_action1 | return value |
|e_dout           |  in |    8|   ap_fifo  |               e               |    pointer   |
|e_empty_n        |  in |    1|   ap_fifo  |               e               |    pointer   |
|e_read           | out |    1|   ap_fifo  |               e               |    pointer   |
|FIFO_I_1_din     | out |   32|   ap_fifo  |            FIFO_I_1           |    pointer   |
|FIFO_I_1_full_n  |  in |    1|   ap_fifo  |            FIFO_I_1           |    pointer   |
|FIFO_I_1_write   | out |    1|   ap_fifo  |            FIFO_I_1           |    pointer   |
+-----------------+-----+-----+------------+-------------------------------+--------------+

